Microchip MPLAB XC8 Compiler V1.41 ()

Linker command line:

-W-3 --edf=C:\Program Files (x86)\Microchip\xc8\v1.41\dat\en_msgs.txt -cs \
  -h+dist/default/debug\discadorpic.debug.sym \
  --cmf=dist/default/debug\discadorpic.debug.cmf -z -Q16F628A \
  -oC:\Users\carlo\AppData\Local\Temp\sss.2 \
  -Mdist/default/debug/discadorpic.debug.map -E1 -ver=XC8 -ASTACK=0A0h-0efh \
  -pstack=STACK -ACODE=00h-07FFh -ASTRCODE=00h-07FFh -ASTRING=00h-0FFhx8 \
  -ACONST=00h-0FFhx8 -AENTRY=00h-0FFhx8 -ACOMMON=070h-07Fh \
  -ABANK0=020h-06Fh -ABANK1=0A0h-0EFh -ABANK2=0120h-014Fh \
  -ARAM=020h-06Fh,0A0h-0EFh,0120h-014Fh \
  -AABS1=020h-07Fh,0A0h-0EFh,0120h-014Fh -ASFR0=00h-01Fh -ASFR1=080h-09Fh \
  -ASFR2=0100h-011Fh -ASFR3=0180h-01EFh \
  -preset_vec=00h,intentry=04h,init,end_init -ppowerup=CODE -pcinit=CODE \
  -pfunctab=CODE -ACONFIG=02007h-02007h -pconfig=CONFIG -DCONFIG=2 \
  -AIDLOC=02000h-02003h -pidloc=IDLOC -DIDLOC=2 -AEEDATA=00h-07Fh/02100h \
  -peeprom_data=EEDATA -DEEDATA=2 -DCODE=2 -DSTRCODE=2 -DSTRING=2 -DCONST=2 \
  -DENTRY=2 -k C:\Users\carlo\AppData\Local\Temp\sss.obj \
  dist/default/debug\discadorpic.debug.obj 

Object code version is 3.11

Machine type is 16F628A



                Name                               Link     Load   Length Selector   Space Scale
C:\Users\carlo\AppData\Local\Temp\sss.obj
                end_init                             10       10        1        8       0
                reset_vec                             0        0        1        0       0
                config                             2007     2007        1     400E       0
dist/default/debug\discadorpic.debug.obj
                cinit                                11       11        9        8       0
                intentry                              4        4        C        8       0
                text23                              6A4      6A4        B      CFC       0
                text22                              54D      54D       27      8F2       0
                text21                              574      574       25      8F2       0
                text20                              636      636       1A      8F2       0
                text19                              526      526       27      8F2       0
                text18                              6C1      6C1        2      D7E       0
                text17                              61C      61C       1A      8F2       0
                text16                              5FE      5FE       1E      8F2       0
                text15                              693      693       11      CFC       0
                text14                              21E      21E       A8        8       0
                text13                              4D1      4D1       2B      8F2       0
                text12                              5BD      5BD       22      8F2       0
                text11                              36C      36C       8E        8       0
                text10                              67E      67E       15      CFC       0
                text9                               2C6      2C6       A6        8       0
                text8                               599      599       24      8F2       0
                text7                               5DF      5DF       1F      8F2       0
                swtext3                             667      667       17      CA0       0
                swtext2                             650      650       17      CA0       0
                text6                                CA       CA       AB        8       0
                text5                               175      175       A9        8       0
                text4                                1A       1A       B0        8       0
                text3                               6BF      6BF        2      D7E       0
                text2                               479      479       2D      8F2       0
                swtext1                             6B7      6B7        8      D6E       0
                text1                               4A6      4A6       2B      8F2       0
                maintext                            4FC      4FC       2A      8F2       0
                cstackBANK0                          20       20       1E       20       1
                cstackCOMMON                         70       70        8       70       1
                clrtext                             6AF      6AF        8      CFC       0
                bssBANK0                             3E       3E       18       20       1
                bssCOMMON                            79       79        1       70       1
                bitbssCOMMON                        3C0       78        2       70       1     8
                strings                             400      400       79      800       0

TOTAL           Name                               Link     Load   Length     Space
        CLASS   STACK          

        CLASS   CODE           
                end_init                             10       10        1         0
                cinit                                11       11        9         0
                intentry                              4        4        C         0
                reset_vec                             0        0        1         0
                text23                              6A4      6A4        B         0
                text22                              54D      54D       27         0
                text21                              574      574       25         0
                text20                              636      636       1A         0
                text19                              526      526       27         0
                text18                              6C1      6C1        2         0
                text17                              61C      61C       1A         0
                text16                              5FE      5FE       1E         0
                text15                              693      693       11         0
                text14                              21E      21E       A8         0
                text13                              4D1      4D1       2B         0
                text12                              5BD      5BD       22         0
                text11                              36C      36C       8E         0
                text10                              67E      67E       15         0
                text9                               2C6      2C6       A6         0
                text8                               599      599       24         0
                text7                               5DF      5DF       1F         0
                text6                                CA       CA       AB         0
                text5                               175      175       A9         0
                text4                                1A       1A       B0         0
                text3                               6BF      6BF        2         0
                text2                               479      479       2D         0
                text1                               4A6      4A6       2B         0
                maintext                            4FC      4FC       2A         0
                clrtext                             6AF      6AF        8         0

        CLASS   STRCODE        

        CLASS   STRING         
                strings                             400      400       79         0

        CLASS   CONST          
                swtext3                             667      667       17         0
                swtext2                             650      650       17         0
                swtext1                             6B7      6B7        8         0

        CLASS   ENTRY          

        CLASS   COMMON         
                cstackCOMMON                         70       70        8         1
                bssCOMMON                            79       79        1         1
                bitbssCOMMON                        3C0       78        2         1

        CLASS   BANK0          
                cstackBANK0                          20       20       1E         1
                bssBANK0                             3E       3E       18         1

        CLASS   BANK1          

        CLASS   BANK2          

        CLASS   RAM            

        CLASS   ABS1           
                abs_s1                               7E       7E        2         1

        CLASS   SFR0           

        CLASS   SFR1           

        CLASS   SFR2           

        CLASS   SFR3           

        CLASS   CONFIG         
                config                             2007     2007        1         0

        CLASS   IDLOC          

        CLASS   EEDATA         

        CLASS   BANK3          



SEGMENTS        Name                           Load    Length   Top    Selector   Space  Class     Delta

                reset_vec                      000000  000001  000001         0       0  CODE        2
                intentry                       000004  0003F6  0003FA         8       0  CODE        2
                cstackBANK0                    000020  000036  000056        20       1  BANK0       1
                cstackCOMMON                   000070  00000A  00007A        70       1  COMMON      1
                strings                        000400  000079  000479       800       0  STRING      2
                text2                          000479  0001D7  000650       8F2       0  CODE        2
                swtext2                        000650  00002E  00067E       CA0       0  CONST       2
                text10                         00067E  000039  0006B7       CFC       0  CODE        2
                swtext1                        0006B7  000008  0006BF       D6E       0  CONST       2
                text3                          0006BF  000004  0006C3       D7E       0  CODE        2
                config                         002007  000001  002008      400E       0  CONFIG      2


UNUSED ADDRESS RANGES

        Name                Unused          Largest block    Delta
        BANK0            0056-006F             1A           1
        BANK1            00A0-00EF             50           1
        BANK2            0120-014F             30           1
        CODE             0001-0003              3           2
                         03FA-03FF              6
                         06C3-07FF            13D
        COMMON           007A-007D              4           1
        CONST            0001-0003              3           2
                         03FA-03FF              6
                         06C3-07FF             3D
        EEDATA           2100-217F             80           2
        ENTRY            0001-0003              3           2
                         03FA-03FF              6
                         06C3-07FF             3D
        IDLOC            2000-2003              4           2
        RAM              0056-006F             1A           1
                         00A0-00EF             50
                         0120-014F             30
        SFR0             0000-001F             20           1
        SFR1             0080-009F             20           1
        SFR2             0100-011F             20           1
        SFR3             0180-01EF             70           1
        STACK            00A0-00EF             50           1
        STRCODE          0001-0003              3           2
                         03FA-03FF              6
                         06C3-07FF            13D
        STRING           0001-0003              3           2
                         03FA-03FF              6
                         06C3-07FF             3D

                                  Symbol Table

_CARRY                   (abs)        0018
_CMCON                   (abs)        001F
_EEADR                   (abs)        009B
_EECON1                  (abs)        009C
_EECON2                  (abs)        009D
_EEDATA                  (abs)        009A
_GIE                     (abs)        005F
_PORTA                   (abs)        0005
_PORTB                   (abs)        0006
_RA0                     (abs)        0028
_RB3                     (abs)        0033
_RB4                     (abs)        0034
_RB5                     (abs)        0035
_RB6                     (abs)        0036
_RB7                     (abs)        0037
_RD                      (abs)        04E0
_TRISA                   (abs)        0085
_TRISB                   (abs)        0086
_WR                      (abs)        04E1
_WREN                    (abs)        04E2
__CFG_BOREN$OFF          (abs)        0000
__CFG_CP$OFF             (abs)        0000
__CFG_CPD$OFF            (abs)        0000
__CFG_FOSC$EXTRCCLK      (abs)        0000
__CFG_LVP$OFF            (abs)        0000
__CFG_MCLRE$OFF          (abs)        0000
__CFG_PWRTE$OFF          (abs)        0000
__CFG_WDTE$OFF           (abs)        0000
__Habs1                  abs1         0000
__Hbank0                 bank0        0000
__Hbank1                 bank1        0000
__Hbank2                 bank2        0000
__Hbank3                 bank3        0000
__HbitbssCOMMON          bitbssCOMMON 0000
__HbssBANK0              bssBANK0     0000
__HbssCOMMON             bssCOMMON    0000
__Hcinit                 cinit        001A
__Hclrtext               clrtext      0000
__Hcode                  code         0000
__Hcommon                common       0000
__Hconfig                config       2008
__HcstackBANK0           cstackBANK0  0000
__HcstackCOMMON          cstackCOMMON 0000
__Heeprom_data           eeprom_data  0000
__Hend_init              end_init     0011
__Hfunctab               functab      0000
__Hidloc                 idloc        0000
__Hinit                  init         0010
__Hintentry              intentry     0010
__Hmaintext              maintext     0000
__Hpowerup               powerup      0000
__Hram                   ram          0000
__Hreset_vec             reset_vec    0001
__Hsfr0                  sfr0         0000
__Hsfr1                  sfr1         0000
__Hsfr2                  sfr2         0000
__Hsfr3                  sfr3         0000
__Hspace_0               (abs)        2008
__Hspace_1               (abs)        03C2
__Hspace_2               (abs)        0000
__Hspace_3               (abs)        0000
__Hstack                 stack        0000
__Hstrings               strings      0000
__Htext                  text         0000
__Labs1                  abs1         0000
__Lbank0                 bank0        0000
__Lbank1                 bank1        0000
__Lbank2                 bank2        0000
__Lbank3                 bank3        0000
__LbitbssCOMMON          bitbssCOMMON 0000
__LbssBANK0              bssBANK0     0000
__LbssCOMMON             bssCOMMON    0000
__Lcinit                 cinit        0011
__Lclrtext               clrtext      0000
__Lcode                  code         0000
__Lcommon                common       0000
__Lconfig                config       2007
__LcstackBANK0           cstackBANK0  0000
__LcstackCOMMON          cstackCOMMON 0000
__Leeprom_data           eeprom_data  0000
__Lend_init              end_init     0010
__Lfunctab               functab      0000
__Lidloc                 idloc        0000
__Linit                  init         0010
__Lintentry              intentry     0004
__Lmaintext              maintext     0000
__Lpowerup               powerup      0000
__Lram                   ram          0000
__Lreset_vec             reset_vec    0000
__Lsfr0                  sfr0         0000
__Lsfr1                  sfr1         0000
__Lsfr2                  sfr2         0000
__Lsfr3                  sfr3         0000
__Lspace_0               (abs)        0000
__Lspace_1               (abs)        0000
__Lspace_2               (abs)        0000
__Lspace_3               (abs)        0000
__Lstack                 stack        0000
__Lstrings               strings      0000
__Ltext                  text         0000
__S0                     (abs)        2008
__S1                     (abs)        007A
__S2                     (abs)        0000
__S3                     (abs)        0000
___bmul                  text15       0693
___bmul@multiplicand     cstackCOMMON 0074
___bmul@multiplier       cstackCOMMON 0077
___bmul@product          cstackCOMMON 0076
___int_sp                stack        0000
___latbits               (abs)        0000
___sp                    stack        0000
__end_of___bmul          text15       06A4
__end_of__initialization cinit        0018
__end_of__stringtab      strings      0410
__end_of_adicionar       text13       04FC
__end_of_armazenar       text11       03FA
__end_of_ativaModo       text18       06C3
__end_of_atraso_ms       text22       0574
__end_of_buscar          text9        036C
__end_of_chamar          text8        05BD
__end_of_desativaModo    text3        06C1
__end_of_desligar        text7        05FE
__end_of_digitarNome     text5        021E
__end_of_digitarNumero   text4        00CA
__end_of_discar          text2        04A6
__end_of_eeprom_read     text10       0693
__end_of_eeprom_write    text12       05DF
__end_of_interrupcao     text23       06AF
__end_of_lcd_cmd         text20       0650
__end_of_lcd_dat         text17       0636
__end_of_lcd_init        text19       054D
__end_of_lcd_str         text16       061C
__end_of_lcd_wr          text21       0599
__end_of_linha           strings      0414
__end_of_main            maintext     0526
__end_of_maquina         text1        04D1
__end_of_tc_letra        text6        0175
__end_of_tc_tecla        text14       02C6
__initialization         cinit        0011
__pbitbssCOMMON          bitbssCOMMON 03C0
__pbssBANK0              bssBANK0     003E
__pbssCOMMON             bssCOMMON    0079
__pcstackBANK0           cstackBANK0  0020
__pcstackCOMMON          cstackCOMMON 0070
__pintentry              intentry     0004
__pmaintext              maintext     04FC
__pstrings               strings      0400
__pswtext1               swtext1      06B7
__pswtext2               swtext2      0650
__pswtext3               swtext3      0667
__ptext1                 text1        04A6
__ptext10                text10       067E
__ptext11                text11       036C
__ptext12                text12       05BD
__ptext13                text13       04D1
__ptext14                text14       021E
__ptext15                text15       0693
__ptext16                text16       05FE
__ptext17                text17       061C
__ptext18                text18       06C1
__ptext19                text19       0526
__ptext2                 text2        0479
__ptext20                text20       0636
__ptext21                text21       0574
__ptext22                text22       054D
__ptext23                text23       06A4
__ptext3                 text3        06BF
__ptext4                 text4        001A
__ptext5                 text5        0175
__ptext6                 text6        00CA
__ptext7                 text7        05DF
__ptext8                 text8        0599
__ptext9                 text9        02C6
__size_of___bmul         (abs)        0000
__size_of_adicionar      (abs)        0000
__size_of_armazenar      (abs)        0000
__size_of_ativaModo      (abs)        0000
__size_of_atraso_ms      (abs)        0000
__size_of_buscar         (abs)        0000
__size_of_chamar         (abs)        0000
__size_of_desativaModo   (abs)        0000
__size_of_desligar       (abs)        0000
__size_of_digitarNome    (abs)        0000
__size_of_digitarNumero  (abs)        0000
__size_of_discar         (abs)        0000
__size_of_eeprom_read    (abs)        0000
__size_of_eeprom_write   (abs)        0000
__size_of_interrupcao    (abs)        0000
__size_of_lcd_cmd        (abs)        0000
__size_of_lcd_dat        (abs)        0000
__size_of_lcd_init       (abs)        0000
__size_of_lcd_str        (abs)        0000
__size_of_lcd_wr         (abs)        0000
__size_of_main           (abs)        0000
__size_of_maquina        (abs)        0000
__size_of_tc_letra       (abs)        0000
__size_of_tc_tecla       (abs)        0000
__stringbase             strings      040F
__stringtab              strings      0400
_adicionar               text13       04D1
_armazenar               text11       036C
_ativaModo               text18       06C1
_atraso_ms               text22       054D
_buscar                  text9        02C6
_chamar                  text8        0599
_desativaModo            text3        06BF
_desligar                text7        05DF
_digitarNome             text5        0175
_digitarNumero           text4        001A
_discar                  text2        0479
_eeprom_read             text10       067E
_eeprom_write            text12       05BD
_endereco                bssBANK0     004A
_entrada                 bssBANK0     004B
_estado                  bssBANK0     0048
_interrupcao             text23       06A4
_lcd_cmd                 text20       0636
_lcd_dat                 text17       061C
_lcd_init                text19       0526
_lcd_str                 text16       05FE
_lcd_wr                  text21       0574
_linha                   strings      0410
_main                    maintext     04FC
_maquina                 text1        04A6
_modo                    bitbssCOMMON 03C1
_nome                    bssBANK0     004C
_numero                  bssBANK0     003E
_tc_letra                text6        00CA
_tc_tecla                text14       021E
armazenar@i              cstackBANK0  002D
armazenar@i_151          cstackBANK0  002F
atraso_ms@i              cstackBANK0  0020
atraso_ms@j              cstackBANK0  0022
atraso_ms@valor          cstackCOMMON 0074
btemp                    (abs)        007E
buscar@achou             bitbssCOMMON 03C0
buscar@end               cstackBANK0  0024
buscar@i                 cstackBANK0  0025
buscar@i_147             cstackBANK0  0022
buscar@num               cstackBANK0  0020
clear_ram0               clrtext      06AF
digitarNome@cont         cstackBANK0  0039
digitarNumero@cont       cstackBANK0  002D
eeprom_read@addr         cstackCOMMON 0075
eeprom_write@addr        cstackCOMMON 0076
eeprom_write@value       cstackCOMMON 0074
end_of_initialization    cinit        0018
interrupt_function       intentry     0004
intlevel0                functab      0000
intlevel1                functab      0000
intlevel2                functab      0000
intlevel3                functab      0000
intlevel4                functab      0000
intlevel5                functab      0000
lcd_cmd@val              cstackCOMMON 0077
lcd_dat@val              cstackCOMMON 0077
lcd_str@i                cstackBANK0  0026
lcd_str@str              cstackBANK0  0023
lcd_wr@i                 cstackCOMMON 0076
lcd_wr@val               cstackCOMMON 0075
main@val                 cstackBANK0  003D
reset_vec                reset_vec    0000
saved_w                  (abs)        007E
stackhi                  (abs)        0000
stacklo                  (abs)        0000
start                    init         0010
start_initialization     cinit        0011
tc_letra@cont            cstackBANK0  0036
tc_letra@i               cstackBANK0  002F
tc_letra@i_200           cstackBANK0  0031
tc_letra@num             cstackBANK0  0035
tc_letra@num2            cstackBANK0  0033
tc_letra@ret             cstackBANK0  0034
tc_letra@timeout         cstackBANK0  002C
tc_tecla@i               cstackBANK0  002A
tc_tecla@ret             cstackBANK0  002B
tc_tecla@timeout         cstackBANK0  0023
tc_tecla@tmp             cstackBANK0  0027
tc_tecla@to              cstackBANK0  0028
wtemp0                   (abs)        007E


FUNCTION INFORMATION:

 *************** function _main *****************
 Defined at:
		line 39 in file "main.c"
 Parameters:    Size  Location     Type
		None
 Auto vars:     Size  Location     Type
  val             1   29[BANK0 ] unsigned char 
  tmp             1    0        unsigned char 
  i               1    0        unsigned char 
 Return value:  Size  Location     Type
                  2   66[None  ] int 
 Registers used:
		wreg, fsr0l, fsr0h, status,2, status,0, btemp+1, pclath, cstack
 Tracked objects:
		On entry : 
		On exit  : 
		Unchanged: 
 Data sizes:     COMMON   BANK0   BANK1   BANK2
      Params:         0       0       0       0
      Locals:         0       1       0       0
      Temps:          0       1       0       0
      Totals:         0       2       0       0
Total ram usage:        2 bytes
 Hardware stack levels required when called:    6
 This function calls:
		_eeprom_read
		_eeprom_write
		_lcd_cmd
		_lcd_init
		_maquina
 This function is called by:
		Startup code after reset
 This function uses a non-reentrant model


 *************** function _maquina *****************
 Defined at:
		line 67 in file "main.c"
 Parameters:    Size  Location     Type
		None
 Auto vars:     Size  Location     Type
		None
 Return value:  Size  Location     Type
                  1    wreg      void 
 Registers used:
		wreg, fsr0l, fsr0h, status,2, status,0, btemp+1, pclath, cstack
 Tracked objects:
		On entry : 
		On exit  : 
		Unchanged: 
 Data sizes:     COMMON   BANK0   BANK1   BANK2
      Params:         0       0       0       0
      Locals:         0       0       0       0
      Temps:          0       1       0       0
      Totals:         0       1       0       0
Total ram usage:        1 bytes
 Hardware stack levels used:    1
 Hardware stack levels required when called:    5
 This function calls:
		_adicionar
		_armazenar
		_buscar
		_chamar
		_desligar
		_digitarNome
		_digitarNumero
		_discar
		_eeprom_read
 This function is called by:
		_main
 This function uses a non-reentrant model


 *************** function _discar *****************
 Defined at:
		line 99 in file "main.c"
 Parameters:    Size  Location     Type
		None
 Auto vars:     Size  Location     Type
		None
 Return value:  Size  Location     Type
                  1    wreg      void 
 Registers used:
		wreg, fsr0l, fsr0h, status,2, status,0, btemp+1, pclath, cstack
 Tracked objects:
		On entry : 
		On exit  : 
		Unchanged: 
 Data sizes:     COMMON   BANK0   BANK1   BANK2
      Params:         0       0       0       0
      Locals:         0       0       0       0
      Temps:          0       1       0       0
      Totals:         0       1       0       0
Total ram usage:        1 bytes
 Hardware stack levels used:    1
 Hardware stack levels required when called:    4
 This function calls:
		_desativaModo
		_lcd_cmd
		_lcd_str
		_tc_tecla
 This function is called by:
		_maquina
 This function uses a non-reentrant model


 *************** function _desativaModo *****************
 Defined at:
		line 142 in file "main.c"
 Parameters:    Size  Location     Type
		None
 Auto vars:     Size  Location     Type
		None
 Return value:  Size  Location     Type
                  1    wreg      void 
 Registers used:
		None
 Tracked objects:
		On entry : 
		On exit  : 
		Unchanged: 
 Data sizes:     COMMON   BANK0   BANK1   BANK2
      Params:         0       0       0       0
      Locals:         0       0       0       0
      Temps:          0       0       0       0
      Totals:         0       0       0       0
Total ram usage:        0 bytes
 Hardware stack levels used:    1
 Hardware stack levels required when called:    1
 This function calls:
		Nothing
 This function is called by:
		_discar
 This function uses a non-reentrant model


 *************** function _digitarNumero *****************
 Defined at:
		line 180 in file "main.c"
 Parameters:    Size  Location     Type
		None
 Auto vars:     Size  Location     Type
  cont            2   13[BANK0 ] int 
 Return value:  Size  Location     Type
                  1    wreg      void 
 Registers used:
		wreg, fsr0l, fsr0h, status,2, status,0, btemp+1, pclath, cstack
 Tracked objects:
		On entry : 
		On exit  : 
		Unchanged: 
 Data sizes:     COMMON   BANK0   BANK1   BANK2
      Params:         0       0       0       0
      Locals:         0       2       0       0
      Temps:          0       1       0       0
      Totals:         0       3       0       0
Total ram usage:        3 bytes
 Hardware stack levels used:    1
 Hardware stack levels required when called:    4
 This function calls:
		_lcd_cmd
		_lcd_dat
		_lcd_str
		_tc_tecla
 This function is called by:
		_maquina
 This function uses a non-reentrant model


 *************** function _digitarNome *****************
 Defined at:
		line 146 in file "main.c"
 Parameters:    Size  Location     Type
		None
 Auto vars:     Size  Location     Type
  cont            2   25[BANK0 ] int 
 Return value:  Size  Location     Type
                  1    wreg      void 
 Registers used:
		wreg, fsr0l, fsr0h, status,2, status,0, btemp+1, pclath, cstack
 Tracked objects:
		On entry : 
		On exit  : 
		Unchanged: 
 Data sizes:     COMMON   BANK0   BANK1   BANK2
      Params:         0       0       0       0
      Locals:         0       2       0       0
      Temps:          0       1       0       0
      Totals:         0       3       0       0
Total ram usage:        3 bytes
 Hardware stack levels used:    1
 Hardware stack levels required when called:    4
 This function calls:
		_lcd_cmd
		_lcd_dat
		_lcd_str
		_tc_letra
 This function is called by:
		_maquina
 This function uses a non-reentrant model


 *************** function _tc_letra *****************
 Defined at:
		line 55 in file "teclado.c"
 Parameters:    Size  Location     Type
  timeout         2   12[BANK0 ] unsigned int 
 Auto vars:     Size  Location     Type
  i               2   17[BANK0 ] int 
  i               2   15[BANK0 ] int 
  cont            2   22[BANK0 ] int 
  num             1   21[BANK0 ] unsigned char 
  ret             1   20[BANK0 ] unsigned char 
  num2            1   19[BANK0 ] unsigned char 
 Return value:  Size  Location     Type
                  1    wreg      unsigned char 
 Registers used:
		wreg, fsr0l, fsr0h, status,2, status,0, btemp+1, pclath, cstack
 Tracked objects:
		On entry : 
		On exit  : 
		Unchanged: 
 Data sizes:     COMMON   BANK0   BANK1   BANK2
      Params:         0       2       0       0
      Locals:         0       9       0       0
      Temps:          0       1       0       0
      Totals:         0      12       0       0
Total ram usage:       12 bytes
 Hardware stack levels used:    1
 Hardware stack levels required when called:    3
 This function calls:
		_tc_tecla
 This function is called by:
		_digitarNome
 This function uses a non-reentrant model


 *************** function _desligar *****************
 Defined at:
		line 288 in file "main.c"
 Parameters:    Size  Location     Type
		None
 Auto vars:     Size  Location     Type
		None
 Return value:  Size  Location     Type
                  1    wreg      void 
 Registers used:
		wreg, fsr0l, fsr0h, status,2, status,0, btemp+1, pclath, cstack
 Tracked objects:
		On entry : 
		On exit  : 
		Unchanged: 
 Data sizes:     COMMON   BANK0   BANK1   BANK2
      Params:         0       0       0       0
      Locals:         0       0       0       0
      Temps:          0       3       0       0
      Totals:         0       3       0       0
Total ram usage:        3 bytes
 Hardware stack levels used:    1
 Hardware stack levels required when called:    4
 This function calls:
		_lcd_cmd
		_lcd_str
 This function is called by:
		_maquina
 This function uses a non-reentrant model


 *************** function _chamar *****************
 Defined at:
		line 276 in file "main.c"
 Parameters:    Size  Location     Type
		None
 Auto vars:     Size  Location     Type
		None
 Return value:  Size  Location     Type
                  1    wreg      void 
 Registers used:
		wreg, fsr0l, fsr0h, status,2, status,0, btemp+1, pclath, cstack
 Tracked objects:
		On entry : 
		On exit  : 
		Unchanged: 
 Data sizes:     COMMON   BANK0   BANK1   BANK2
      Params:         0       0       0       0
      Locals:         0       0       0       0
      Temps:          0       0       0       0
      Totals:         0       0       0       0
Total ram usage:        0 bytes
 Hardware stack levels used:    1
 Hardware stack levels required when called:    4
 This function calls:
		_lcd_cmd
		_lcd_str
		_tc_tecla
 This function is called by:
		_maquina
 This function uses a non-reentrant model


 *************** function _buscar *****************
 Defined at:
		line 217 in file "main.c"
 Parameters:    Size  Location     Type
		None
 Auto vars:     Size  Location     Type
  i               2    2[BANK0 ] int 
  num             2    0[BANK0 ] int 
  i               2    5[BANK0 ] int 
  end             1    4[BANK0 ] unsigned char 
 Return value:  Size  Location     Type
                  1    wreg      void 
 Registers used:
		wreg, fsr0l, fsr0h, status,2, status,0, btemp+1, pclath, cstack
 Tracked objects:
		On entry : 
		On exit  : 
		Unchanged: 
 Data sizes:     COMMON   BANK0   BANK1   BANK2
      Params:         0       0       0       0
      Locals:         0       7       0       0
      Temps:          2       0       0       0
      Totals:         2       7       0       0
Total ram usage:        9 bytes
 Hardware stack levels used:    1
 Hardware stack levels required when called:    2
 This function calls:
		_eeprom_read
 This function is called by:
		_maquina
 This function uses a non-reentrant model


 *************** function _eeprom_read *****************
 Defined at:
		line 6 in file "C:\Program Files (x86)\Microchip\xc8\v1.41\sources\pic\eeread.c"
 Parameters:    Size  Location     Type
  addr            1    wreg     unsigned char 
 Auto vars:     Size  Location     Type
  addr            1    5[COMMON] unsigned char 
 Return value:  Size  Location     Type
                  1    wreg      unsigned char 
 Registers used:
		wreg, status,2, status,0
 Tracked objects:
		On entry : 
		On exit  : 
		Unchanged: 
 Data sizes:     COMMON   BANK0   BANK1   BANK2
      Params:         0       0       0       0
      Locals:         1       0       0       0
      Temps:          1       0       0       0
      Totals:         2       0       0       0
Total ram usage:        2 bytes
 Hardware stack levels used:    1
 Hardware stack levels required when called:    1
 This function calls:
		Nothing
 This function is called by:
		_main
		_maquina
		_buscar
 This function uses a non-reentrant model


 *************** function _armazenar *****************
 Defined at:
		line 253 in file "main.c"
 Parameters:    Size  Location     Type
		None
 Auto vars:     Size  Location     Type
  i               2   15[BANK0 ] int 
  i               2   13[BANK0 ] int 
 Return value:  Size  Location     Type
                  1    wreg      void 
 Registers used:
		wreg, fsr0l, fsr0h, status,2, status,0, btemp+1, pclath, cstack
 Tracked objects:
		On entry : 
		On exit  : 
		Unchanged: 
 Data sizes:     COMMON   BANK0   BANK1   BANK2
      Params:         0       0       0       0
      Locals:         0       4       0       0
      Temps:          0       1       0       0
      Totals:         0       5       0       0
Total ram usage:        5 bytes
 Hardware stack levels used:    1
 Hardware stack levels required when called:    4
 This function calls:
		_eeprom_write
		_lcd_cmd
		_lcd_str
		_tc_tecla
 This function is called by:
		_maquina
 This function uses a non-reentrant model


 *************** function _eeprom_write *****************
 Defined at:
		line 6 in file "C:\Program Files (x86)\Microchip\xc8\v1.41\sources\pic\eewrite.c"
 Parameters:    Size  Location     Type
  addr            1    wreg     unsigned char 
  value           1    4[COMMON] unsigned char 
 Auto vars:     Size  Location     Type
  addr            1    6[COMMON] unsigned char 
 Return value:  Size  Location     Type
                  1    wreg      void 
 Registers used:
		wreg, status,2, status,0
 Tracked objects:
		On entry : 
		On exit  : 
		Unchanged: 
 Data sizes:     COMMON   BANK0   BANK1   BANK2
      Params:         1       0       0       0
      Locals:         1       0       0       0
      Temps:          1       0       0       0
      Totals:         3       0       0       0
Total ram usage:        3 bytes
 Hardware stack levels used:    1
 Hardware stack levels required when called:    1
 This function calls:
		Nothing
 This function is called by:
		_main
		_armazenar
 This function uses a non-reentrant model


 *************** function _adicionar *****************
 Defined at:
		line 119 in file "main.c"
 Parameters:    Size  Location     Type
		None
 Auto vars:     Size  Location     Type
		None
 Return value:  Size  Location     Type
                  1    wreg      void 
 Registers used:
		wreg, fsr0l, fsr0h, status,2, status,0, btemp+1, pclath, cstack
 Tracked objects:
		On entry : 
		On exit  : 
		Unchanged: 
 Data sizes:     COMMON   BANK0   BANK1   BANK2
      Params:         0       0       0       0
      Locals:         0       0       0       0
      Temps:          0       1       0       0
      Totals:         0       1       0       0
Total ram usage:        1 bytes
 Hardware stack levels used:    1
 Hardware stack levels required when called:    4
 This function calls:
		_ativaModo
		_lcd_cmd
		_lcd_str
		_tc_tecla
 This function is called by:
		_maquina
 This function uses a non-reentrant model


 *************** function _tc_tecla *****************
 Defined at:
		line 7 in file "teclado.c"
 Parameters:    Size  Location     Type
  timeout         2    3[BANK0 ] unsigned int 
 Auto vars:     Size  Location     Type
  to              2    8[BANK0 ] unsigned int 
  ret             1   11[BANK0 ] unsigned char 
  i               1   10[BANK0 ] unsigned char 
  tmp             1    7[BANK0 ] unsigned char 
 Return value:  Size  Location     Type
                  1    wreg      unsigned char 
 Registers used:
		wreg, fsr0l, fsr0h, status,2, status,0, pclath, cstack
 Tracked objects:
		On entry : 
		On exit  : 
		Unchanged: 
 Data sizes:     COMMON   BANK0   BANK1   BANK2
      Params:         0       2       0       0
      Locals:         0       5       0       0
      Temps:          0       2       0       0
      Totals:         0       9       0       0
Total ram usage:        9 bytes
 Hardware stack levels used:    1
 Hardware stack levels required when called:    2
 This function calls:
		___bmul
		_atraso_ms
 This function is called by:
		_discar
		_adicionar
		_digitarNumero
		_armazenar
		_chamar
		_tc_letra
 This function uses a non-reentrant model


 *************** function ___bmul *****************
 Defined at:
		line 4 in file "C:\Program Files (x86)\Microchip\xc8\v1.41\sources\common\Umul8.c"
 Parameters:    Size  Location     Type
  multiplier      1    wreg     unsigned char 
  multiplicand    1    4[COMMON] unsigned char 
 Auto vars:     Size  Location     Type
  multiplier      1    7[COMMON] unsigned char 
  product         1    6[COMMON] unsigned char 
 Return value:  Size  Location     Type
                  1    wreg      unsigned char 
 Registers used:
		wreg, status,2, status,0
 Tracked objects:
		On entry : 
		On exit  : 
		Unchanged: 
 Data sizes:     COMMON   BANK0   BANK1   BANK2
      Params:         1       0       0       0
      Locals:         2       0       0       0
      Temps:          1       0       0       0
      Totals:         4       0       0       0
Total ram usage:        4 bytes
 Hardware stack levels used:    1
 Hardware stack levels required when called:    1
 This function calls:
		Nothing
 This function is called by:
		_tc_tecla
 This function uses a non-reentrant model


 *************** function _lcd_str *****************
 Defined at:
		line 85 in file "lcd.c"
 Parameters:    Size  Location     Type
  str             2    3[BANK0 ] PTR const unsigned char 
		 -> STR_10(14), STR_9(12), STR_8(7), STR_7(15), 
		 -> STR_6(10), STR_5(14), nome(10), STR_4(10), 
		 -> STR_3(12), STR_2(10), STR_1(7), 
 Auto vars:     Size  Location     Type
  i               1    6[BANK0 ] unsigned char 
 Return value:  Size  Location     Type
                  1    wreg      void 
 Registers used:
		wreg, fsr0l, fsr0h, status,2, status,0, btemp+1, pclath, cstack
 Tracked objects:
		On entry : 
		On exit  : 
		Unchanged: 
 Data sizes:     COMMON   BANK0   BANK1   BANK2
      Params:         0       2       0       0
      Locals:         0       1       0       0
      Temps:          0       1       0       0
      Totals:         0       4       0       0
Total ram usage:        4 bytes
 Hardware stack levels used:    1
 Hardware stack levels required when called:    3
 This function calls:
		_lcd_dat
 This function is called by:
		_discar
		_adicionar
		_digitarNome
		_digitarNumero
		_armazenar
		_chamar
		_desligar
 This function uses a non-reentrant model


 *************** function _lcd_dat *****************
 Defined at:
		line 55 in file "lcd.c"
 Parameters:    Size  Location     Type
  val             1    wreg     unsigned char 
 Auto vars:     Size  Location     Type
  val             1    7[COMMON] unsigned char 
 Return value:  Size  Location     Type
                  1    wreg      void 
 Registers used:
		wreg, status,2, status,0, pclath, cstack
 Tracked objects:
		On entry : 
		On exit  : 
		Unchanged: 
 Data sizes:     COMMON   BANK0   BANK1   BANK2
      Params:         0       0       0       0
      Locals:         1       0       0       0
      Temps:          0       0       0       0
      Totals:         1       0       0       0
Total ram usage:        1 bytes
 Hardware stack levels used:    1
 Hardware stack levels required when called:    2
 This function calls:
		_atraso_ms
		_lcd_wr
 This function is called by:
		_digitarNome
		_digitarNumero
		_lcd_str
 This function uses a non-reentrant model


 *************** function _ativaModo *****************
 Defined at:
		line 138 in file "main.c"
 Parameters:    Size  Location     Type
		None
 Auto vars:     Size  Location     Type
		None
 Return value:  Size  Location     Type
                  1    wreg      void 
 Registers used:
		None
 Tracked objects:
		On entry : 
		On exit  : 
		Unchanged: 
 Data sizes:     COMMON   BANK0   BANK1   BANK2
      Params:         0       0       0       0
      Locals:         0       0       0       0
      Temps:          0       0       0       0
      Totals:         0       0       0       0
Total ram usage:        0 bytes
 Hardware stack levels used:    1
 Hardware stack levels required when called:    1
 This function calls:
		Nothing
 This function is called by:
		_adicionar
 This function uses a non-reentrant model


 *************** function _lcd_init *****************
 Defined at:
		line 66 in file "lcd.c"
 Parameters:    Size  Location     Type
		None
 Auto vars:     Size  Location     Type
		None
 Return value:  Size  Location     Type
                  1    wreg      void 
 Registers used:
		wreg, status,2, status,0, pclath, cstack
 Tracked objects:
		On entry : 
		On exit  : 
		Unchanged: 
 Data sizes:     COMMON   BANK0   BANK1   BANK2
      Params:         0       0       0       0
      Locals:         0       0       0       0
      Temps:          0       0       0       0
      Totals:         0       0       0       0
Total ram usage:        0 bytes
 Hardware stack levels used:    1
 Hardware stack levels required when called:    3
 This function calls:
		_atraso_ms
		_lcd_cmd
 This function is called by:
		_main
 This function uses a non-reentrant model


 *************** function _lcd_cmd *****************
 Defined at:
		line 44 in file "lcd.c"
 Parameters:    Size  Location     Type
  val             1    wreg     unsigned char 
 Auto vars:     Size  Location     Type
  val             1    7[COMMON] unsigned char 
 Return value:  Size  Location     Type
                  1    wreg      void 
 Registers used:
		wreg, status,2, status,0, pclath, cstack
 Tracked objects:
		On entry : 
		On exit  : 
		Unchanged: 
 Data sizes:     COMMON   BANK0   BANK1   BANK2
      Params:         0       0       0       0
      Locals:         1       0       0       0
      Temps:          0       0       0       0
      Totals:         1       0       0       0
Total ram usage:        1 bytes
 Hardware stack levels used:    1
 Hardware stack levels required when called:    2
 This function calls:
		_atraso_ms
		_lcd_wr
 This function is called by:
		_main
		_discar
		_adicionar
		_digitarNome
		_digitarNumero
		_armazenar
		_chamar
		_desligar
		_lcd_init
 This function uses a non-reentrant model


 *************** function _lcd_wr *****************
 Defined at:
		line 30 in file "lcd.c"
 Parameters:    Size  Location     Type
  val             1    wreg     unsigned char 
 Auto vars:     Size  Location     Type
  val             1    5[COMMON] unsigned char 
  i               1    6[COMMON] unsigned char 
 Return value:  Size  Location     Type
                  1    wreg      void 
 Registers used:
		wreg, status,2, status,0
 Tracked objects:
		On entry : 
		On exit  : 
		Unchanged: 
 Data sizes:     COMMON   BANK0   BANK1   BANK2
      Params:         0       0       0       0
      Locals:         2       0       0       0
      Temps:          1       0       0       0
      Totals:         3       0       0       0
Total ram usage:        3 bytes
 Hardware stack levels used:    1
 Hardware stack levels required when called:    1
 This function calls:
		Nothing
 This function is called by:
		_lcd_cmd
		_lcd_dat
 This function uses a non-reentrant model


 *************** function _atraso_ms *****************
 Defined at:
		line 26 in file "atraso.c"
 Parameters:    Size  Location     Type
  valor           2    4[COMMON] unsigned int 
 Auto vars:     Size  Location     Type
  i               2    0[BANK0 ] unsigned int 
  j               1    2[BANK0 ] unsigned char 
 Return value:  Size  Location     Type
                  1    wreg      void 
 Registers used:
		wreg, status,2, status,0
 Tracked objects:
		On entry : 
		On exit  : 
		Unchanged: 
 Data sizes:     COMMON   BANK0   BANK1   BANK2
      Params:         2       0       0       0
      Locals:         0       3       0       0
      Temps:          1       0       0       0
      Totals:         3       3       0       0
Total ram usage:        6 bytes
 Hardware stack levels used:    1
 Hardware stack levels required when called:    1
 This function calls:
		Nothing
 This function is called by:
		_lcd_cmd
		_lcd_dat
		_lcd_init
		_tc_tecla
 This function uses a non-reentrant model


 *************** function _interrupcao *****************
 Defined at:
		line 63 in file "main.c"
 Parameters:    Size  Location     Type
		None
 Auto vars:     Size  Location     Type
		None
 Return value:  Size  Location     Type
                  1    wreg      void 
 Registers used:
		None
 Tracked objects:
		On entry : 
		On exit  : 
		Unchanged: 
 Data sizes:     COMMON   BANK0   BANK1   BANK2
      Params:         0       0       0       0
      Locals:         0       0       0       0
      Temps:          4       0       0       0
      Totals:         4       0       0       0
Total ram usage:        4 bytes
 Hardware stack levels used:    1
 This function calls:
		Nothing
 This function is called by:
		Interrupt level 1
 This function uses a non-reentrant model



MODULE INFORMATION

Module		Function		Class		Link	Load	Size
C:\Program Files (x86)\Microchip\xc8\v1.41\sources\common\Umul8.c
		___bmul        		CODE           	0693	0000	18

C:\Program Files (x86)\Microchip\xc8\v1.41\sources\common\Umul8.c estimated size: 18

teclado.c
		_tc_tecla      		CODE           	021E	0000	169
		_tc_letra      		CODE           	00CA	0000	172

teclado.c estimated size: 341

atraso.c
		_atraso_ms     		CODE           	054D	0000	40

atraso.c estimated size: 40

shared
		__stringtab    		STRING         	0400	0000	17
		__initialization		CODE           	0011	0000	8
		_linha         		STRING         	0410	0000	5

shared estimated size: 30

lcd.c
		_lcd_cmd       		CODE           	0636	0000	27
		_lcd_dat       		CODE           	061C	0000	27
		_lcd_wr        		CODE           	0574	0000	38
		_lcd_str       		CODE           	05FE	0000	31
		_lcd_init      		CODE           	0526	0000	40

lcd.c estimated size: 163

C:\Program Files (x86)\Microchip\xc8\v1.41\sources\pic\eewrite.c
		_eeprom_write  		CODE           	05BD	0000	35

C:\Program Files (x86)\Microchip\xc8\v1.41\sources\pic\eewrite.c estimated size: 35

main.c
		_adicionar     		CODE           	04D1	0000	44
		_main          		CODE           	04FC	0000	43
		_interrupcao   		CODE           	06A4	0000	12
		_digitarNome   		CODE           	0175	0000	170
		_digitarNumero 		CODE           	001A	0000	177
		_discar        		CODE           	0479	0000	46
		_desligar      		CODE           	05DF	0000	32
		_ativaModo     		CODE           	06C1	0000	3
		_chamar        		CODE           	0599	0000	37
		_maquina       		CODE           	04A6	0000	44
		_desativaModo  		CODE           	06BF	0000	3
		_buscar        		CODE           	02C6	0000	167
		_armazenar     		CODE           	036C	0000	143

main.c estimated size: 921

C:\Program Files (x86)\Microchip\xc8\v1.41\sources\pic\eeread.c
		_eeprom_read   		CODE           	067E	0000	22

C:\Program Files (x86)\Microchip\xc8\v1.41\sources\pic\eeread.c estimated size: 22

